../Core/Src/main.c:106:5:main	8	static
../Core/Src/main.c:204:6:SystemClock_Config	88	static
../Core/Src/main.c:252:13:MX_I2C1_Init	8	static
../Core/Src/main.c:286:13:MX_USART2_UART_Init	8	static
../Core/Src/main.c:319:13:MX_GPIO_Init	48	static
../Core/Src/main.c:355:6:HAL_GPIO_EXTI_Callback	16	static
../Core/Src/main.c:372:6:StartDefaultTask	88	static
../Core/Src/main.c:408:6:StartTask02	16	static
../Core/Src/main.c:426:6:StartTask03	16	static
../Core/Src/main.c:445:6:HAL_TIM_PeriodElapsedCallback	16	static
../Core/Src/main.c:463:6:Error_Handler	4	static,ignoring_inline_asm
